// Jest Snapshot v1, https://goo.gl/fbAQLP

exports[`Policies --- Snapshot Capturing Snapshot of Policies 1`] = `
<body
  id="app"
>
  <div>
    <section
      class="container"
      data-testid="policies-container"
      id="policies-container"
    >
      <h2
        class="title"
      >
        Policies (1)
      </h2>
      <p
        class="message"
      >
        All of your teams policies can be found here. Go forth and define rules to enforce your standards!
      </p>
      <div
        class="button"
      >
        <button
          class="bx--btn bx--btn--field bx--btn--primary"
          data-testid="add-policy-button"
          tabindex="0"
          type="button"
        >
          Create Policy
          <svg
            aria-hidden="true"
            aria-label="Create Policy"
            class="bx--btn__icon"
            fill="currentColor"
            focusable="false"
            height="16"
            preserveAspectRatio="xMidYMid meet"
            role="img"
            viewBox="0 0 32 32"
            width="16"
            xmlns="http://www.w3.org/2000/svg"
          >
            <path
              d="M17 15L17 8 15 8 15 15 8 15 8 17 15 17 15 24 17 24 17 17 24 17 24 15z"
            />
          </svg>
        </button>
      </div>
      <div
        class="bx--data-table-container"
      >
        <div
          class="bx--data-table-content"
        >
          <table
            class="bx--data-table tableContainer bx--data-table--sort bx--data-table--no-border"
          >
            <thead>
              <tr
                class="tableHeadRow"
              >
                <th
                  aria-sort="none"
                  class="tableHeader name"
                  scope="col"
                >
                  <button
                    class="tableHeader name bx--table-sort"
                    type="button"
                  >
                    <span
                      class="bx--table-sort__flex"
                    >
                      <div
                        class="bx--table-header-label"
                      >
                        Name
                      </div>
                      <svg
                        aria-label="Sort rows by this header in ascending order"
                        class="bx--table-sort__icon"
                        fill="currentColor"
                        focusable="false"
                        height="20"
                        preserveAspectRatio="xMidYMid meet"
                        role="img"
                        viewBox="0 0 32 32"
                        width="20"
                        xmlns="http://www.w3.org/2000/svg"
                      >
                        <path
                          d="M16 4L6 14 7.41 15.41 15 7.83 15 30 17 30 17 7.83 24.59 15.41 26 14 16 4z"
                        />
                      </svg>
                      <svg
                        aria-label="Sort rows by this header in ascending order"
                        class="bx--table-sort__icon-unsorted"
                        fill="currentColor"
                        focusable="false"
                        height="20"
                        preserveAspectRatio="xMidYMid meet"
                        role="img"
                        viewBox="0 0 32 32"
                        width="20"
                        xmlns="http://www.w3.org/2000/svg"
                      >
                        <path
                          d="M27.6 20.6L24 24.2 24 4 22 4 22 24.2 18.4 20.6 17 22 23 28 29 22zM9 4L3 10 4.4 11.4 8 7.8 8 28 10 28 10 7.8 13.6 11.4 15 10z"
                        />
                      </svg>
                    </span>
                  </button>
                </th>
                <th
                  aria-sort="none"
                  class="tableHeader definitions"
                  scope="col"
                >
                  <button
                    class="tableHeader definitions bx--table-sort"
                    type="button"
                  >
                    <span
                      class="bx--table-sort__flex"
                    >
                      <div
                        class="bx--table-header-label"
                      >
                        Definitions
                      </div>
                      <svg
                        aria-label="Sort rows by this header in ascending order"
                        class="bx--table-sort__icon"
                        fill="currentColor"
                        focusable="false"
                        height="20"
                        preserveAspectRatio="xMidYMid meet"
                        role="img"
                        viewBox="0 0 32 32"
                        width="20"
                        xmlns="http://www.w3.org/2000/svg"
                      >
                        <path
                          d="M16 4L6 14 7.41 15.41 15 7.83 15 30 17 30 17 7.83 24.59 15.41 26 14 16 4z"
                        />
                      </svg>
                      <svg
                        aria-label="Sort rows by this header in ascending order"
                        class="bx--table-sort__icon-unsorted"
                        fill="currentColor"
                        focusable="false"
                        height="20"
                        preserveAspectRatio="xMidYMid meet"
                        role="img"
                        viewBox="0 0 32 32"
                        width="20"
                        xmlns="http://www.w3.org/2000/svg"
                      >
                        <path
                          d="M27.6 20.6L24 24.2 24 4 22 4 22 24.2 18.4 20.6 17 22 23 28 29 22zM9 4L3 10 4.4 11.4 8 7.8 8 28 10 28 10 7.8 13.6 11.4 15 10z"
                        />
                      </svg>
                    </span>
                  </button>
                </th>
                <th
                  aria-sort="none"
                  class="tableHeader rules"
                  scope="col"
                >
                  <button
                    class="tableHeader rules bx--table-sort"
                    type="button"
                  >
                    <span
                      class="bx--table-sort__flex"
                    >
                      <div
                        class="bx--table-header-label"
                      >
                        Rules
                      </div>
                      <svg
                        aria-label="Sort rows by this header in ascending order"
                        class="bx--table-sort__icon"
                        fill="currentColor"
                        focusable="false"
                        height="20"
                        preserveAspectRatio="xMidYMid meet"
                        role="img"
                        viewBox="0 0 32 32"
                        width="20"
                        xmlns="http://www.w3.org/2000/svg"
                      >
                        <path
                          d="M16 4L6 14 7.41 15.41 15 7.83 15 30 17 30 17 7.83 24.59 15.41 26 14 16 4z"
                        />
                      </svg>
                      <svg
                        aria-label="Sort rows by this header in ascending order"
                        class="bx--table-sort__icon-unsorted"
                        fill="currentColor"
                        focusable="false"
                        height="20"
                        preserveAspectRatio="xMidYMid meet"
                        role="img"
                        viewBox="0 0 32 32"
                        width="20"
                        xmlns="http://www.w3.org/2000/svg"
                      >
                        <path
                          d="M27.6 20.6L24 24.2 24 4 22 4 22 24.2 18.4 20.6 17 22 23 28 29 22zM9 4L3 10 4.4 11.4 8 7.8 8 28 10 28 10 7.8 13.6 11.4 15 10z"
                        />
                      </svg>
                    </span>
                  </button>
                </th>
                <th
                  aria-sort="none"
                  class="tableHeader createdDate"
                  scope="col"
                >
                  <button
                    class="tableHeader createdDate bx--table-sort"
                    type="button"
                  >
                    <span
                      class="bx--table-sort__flex"
                    >
                      <div
                        class="bx--table-header-label"
                      >
                        Created Date
                      </div>
                      <svg
                        aria-label="Sort rows by this header in ascending order"
                        class="bx--table-sort__icon"
                        fill="currentColor"
                        focusable="false"
                        height="20"
                        preserveAspectRatio="xMidYMid meet"
                        role="img"
                        viewBox="0 0 32 32"
                        width="20"
                        xmlns="http://www.w3.org/2000/svg"
                      >
                        <path
                          d="M16 4L6 14 7.41 15.41 15 7.83 15 30 17 30 17 7.83 24.59 15.41 26 14 16 4z"
                        />
                      </svg>
                      <svg
                        aria-label="Sort rows by this header in ascending order"
                        class="bx--table-sort__icon-unsorted"
                        fill="currentColor"
                        focusable="false"
                        height="20"
                        preserveAspectRatio="xMidYMid meet"
                        role="img"
                        viewBox="0 0 32 32"
                        width="20"
                        xmlns="http://www.w3.org/2000/svg"
                      >
                        <path
                          d="M27.6 20.6L24 24.2 24 4 22 4 22 24.2 18.4 20.6 17 22 23 28 29 22zM9 4L3 10 4.4 11.4 8 7.8 8 28 10 28 10 7.8 13.6 11.4 15 10z"
                        />
                      </svg>
                    </span>
                  </button>
                </th>
              </tr>
            </thead>
            <tbody
              aria-live="polite"
              class="tableBody"
              data-testid="policies-tbody"
            >
              <tr
                class="tableRow"
                data-testid="policies-table-row"
              >
                <td
                  style="padding: 0px;"
                >
                  <div
                    class="tableCell"
                  >
                    <p
                      class="tableTextarea"
                    >
                      Timss
                    </p>
                  </div>
                </td>
                <td
                  style="padding: 0px;"
                >
                  <div
                    class="tableCell"
                  >
                    <p
                      class="tableTextarea"
                    >
                      2
                    </p>
                  </div>
                </td>
                <td
                  style="padding: 0px;"
                >
                  <div
                    class="tableCell"
                  >
                    <p
                      class="tableTextarea"
                    >
                      2
                    </p>
                  </div>
                </td>
                <td
                  style="padding: 0px;"
                >
                  <div
                    class="tableCell"
                  >
                    <time
                      class="tableTextarea"
                    >
                      January 01, 2020
                    </time>
                  </div>
                </td>
              </tr>
            </tbody>
          </table>
        </div>
      </div>
    </section>
  </div>
</body>
`;
