// Jest Snapshot v1, https://goo.gl/fbAQLP

exports[`CustomTooltip --- Snapshot Capturing Snapshot of CustomTooltip 1`] = `
<body
  id="app"
>
  <div>
    <div
      class="c-tooltip"
    >
      <div>
        <p
          class="b-tooltip--data"
        >
           
          <span
            class="b-tooltip--field"
          >
            date: 
          </span>
          1542160248412
        </p>
        <p
          class="b-tooltip--data"
        >
           
          <span
            class="b-tooltip--field"
          >
            failed: 
          </span>
          5
        </p>
        <p
          class="b-tooltip--data"
        >
           
          <span
            class="b-tooltip--field"
          >
            success: 
          </span>
          12
        </p>
        <p
          class="b-tooltip--data"
        >
           
          <span
            class="b-tooltip--field"
          >
            total: 
          </span>
          17
        </p>
      </div>
    </div>
  </div>
</body>
`;
