// Jest Snapshot v1, https://goo.gl/fbAQLP

exports[`Insights --- Snapshot Capturing Snapshot of Insights 1`] = `
<body
  id="app"
>
  <div>
    <section
      class="container"
    >
      <h2
        class="title"
      >
        Insights
      </h2>
      <div
        class="contentContainer"
      >
        <div
          class="tilesContainer"
        >
          <div
            class="bx--tile"
            data-testid="tile-info"
            style="display: flex; width: 100%; height: 10rem; align-items: center; padding: 0px; margin-bottom: 1rem; margin-left: 0px;"
          >
            <div
              class="counter"
              style="color: rgb(4, 124, 192);"
            >
              1
            </div>
            <div
              class="divider"
            />
            <div
              class="text"
            >
              <h3
                class="title"
              >
                Current Gates
              </h3>
              <p
                class="content"
              >
                Software never is perfect and it wonâ€™t be. But is that a license to create garbage?
              </p>
            </div>
          </div>
          <div
            class="bx--tile"
            data-testid="tile-info"
            style="display: flex; width: 100%; height: 10rem; align-items: center; padding: 0px; margin-bottom: 1rem; margin-left: 1rem;"
          >
            <div
              class="counter"
              style="color: rgb(255, 170, 157);"
            >
              1
            </div>
            <div
              class="divider"
            />
            <div
              class="text"
            >
              <h3
                class="title"
              >
                Current Violations
              </h3>
              <p
                class="content"
              >
                Code will set you free. Think of this as an opportunity for better code. Drive towards zero.
              </p>
            </div>
          </div>
        </div>
        <div
          class="graphsContainer"
        >
          <div
            class="bx--tile"
            style="display: flex; flex-direction: column; align-items: spaceBetween; min-height: 10rem;"
          >
            <div
              class="header"
            >
              <h3
                class="title"
              >
                Violations Trend
              </h3>
              <div
                class="filters"
              />
            </div>
            <div
              class="container"
              data-testid="insights-graph"
            >
              <div
                style="display: flex; align-items: center; width: 100%;"
              >
                <div
                  class="recharts-responsive-container"
                  style="width: 99%; height: 100%;"
                >
                  <div
                    style="position: absolute; width: 0px; height: 0px; visibility: hidden; display: none;"
                  />
                </div>
              </div>
            </div>
          </div>
        </div>
      </div>
    </section>
  </div>
</body>
`;
