// Jest Snapshot v1, https://goo.gl/fbAQLP

exports[`CreatePolicy --- Snapshot renders correctly 1`] = `
<body
  id="app"
>
  <div>
    <div
      class="container"
    >
      <header
        class="bx--bmrg-feature-header"
        style="top: 3rem;"
      >
        <section
          class="bx--bmrg-feature-header__content"
        >
          <div
            class="bx--bmrg-feature-header__header"
          >
            <h1
              class="bx--bmrg-feature-header-title"
            >
              Create Policy
            </h1>
            
          </div>
        </section>
        <section
          class="buttons"
        >
          <button
            class="button bx--btn bx--btn--field bx--btn--secondary"
            tabindex="0"
            type="button"
          >
            Cancel
          </button>
          <button
            class="button bx--btn bx--btn--field bx--btn--primary bx--btn--disabled"
            data-testid="policy-header-affirmative-action"
            disabled=""
            tabindex="0"
            type="submit"
          >
            Create
            <svg
              aria-hidden="true"
              aria-label="Create"
              class="bx--btn__icon"
              fill="currentColor"
              focusable="false"
              height="16"
              preserveAspectRatio="xMidYMid meet"
              role="img"
              viewBox="0 0 32 32"
              width="16"
              xmlns="http://www.w3.org/2000/svg"
            >
              <path
                d="M17 15L17 8 15 8 15 15 8 15 8 17 15 17 15 24 17 24 17 17 24 17 24 15z"
              />
            </svg>
          </button>
        </section>
      </header>
      <div
        class="container"
      >
        <div
          class="content"
        >
          <div
            class="bx--bmrg-text-input"
          >
            <div
              class="bx--form-item bx--text-input-wrapper"
            >
              <label
                class="bx--label"
                for="name"
              >
                <div
                  class="bx--bmrg-text-input__label"
                >
                  <div>
                    Name
                  </div>
                </div>
              </label>
              <div
                class="bx--text-input__field-outer-wrapper"
              >
                <div
                  class="bx--text-input__field-wrapper"
                >
                  <input
                    class="bx--text-input bx--text__input"
                    id="name"
                    name="name"
                    placeholder="Name"
                    title="Name"
                    type="text"
                    value=""
                  />
                </div>
              </div>
            </div>
          </div>
          <section
            class="section"
          >
            <h2>
              Static Code Analysis
            </h2>
            <p>
              The following policy metrics are validated from SonarQube data collected in your CI pipeline.
            </p>
            <div
              class="rowsContainer"
            />
            <button
              class="bx--btn bx--btn--field bx--btn--ghost"
              style="margin-left: -0.625rem;"
              tabindex="0"
              type="button"
            >
              Add Rule
              <svg
                aria-hidden="true"
                aria-label="Add Rule"
                class="bx--btn__icon"
                fill="currentColor"
                focusable="false"
                height="16"
                preserveAspectRatio="xMidYMid meet"
                role="img"
                viewBox="0 0 32 32"
                width="16"
                xmlns="http://www.w3.org/2000/svg"
              >
                <path
                  d="M17 15L17 8 15 8 15 15 8 15 8 17 15 17 15 24 17 24 17 17 24 17 24 15z"
                />
              </svg>
            </button>
          </section>
          <section
            class="section"
          >
            <h2>
              asdadsf
            </h2>
            <p>
              asdsdaf
            </p>
            <div
              class="rowsContainer"
            />
            <button
              class="bx--btn bx--btn--field bx--btn--ghost"
              style="margin-left: -0.625rem;"
              tabindex="0"
              type="button"
            >
              Add Rule
              <svg
                aria-hidden="true"
                aria-label="Add Rule"
                class="bx--btn__icon"
                fill="currentColor"
                focusable="false"
                height="16"
                preserveAspectRatio="xMidYMid meet"
                role="img"
                viewBox="0 0 32 32"
                width="16"
                xmlns="http://www.w3.org/2000/svg"
              >
                <path
                  d="M17 15L17 8 15 8 15 15 8 15 8 17 15 17 15 24 17 24 17 17 24 17 24 15z"
                />
              </svg>
            </button>
          </section>
          <section
            class="section"
          >
            <h2>
              Package Safe List
            </h2>
            <p>
              The following package and artifact validation is validated against scans by JFrog Xray. Artifact and Version are validated through regular expression.
            </p>
            <div
              class="rowsContainer"
            />
            <button
              class="bx--btn bx--btn--field bx--btn--ghost"
              style="margin-left: -0.625rem;"
              tabindex="0"
              type="button"
            >
              Add Rule
              <svg
                aria-hidden="true"
                aria-label="Add Rule"
                class="bx--btn__icon"
                fill="currentColor"
                focusable="false"
                height="16"
                preserveAspectRatio="xMidYMid meet"
                role="img"
                viewBox="0 0 32 32"
                width="16"
                xmlns="http://www.w3.org/2000/svg"
              >
                <path
                  d="M17 15L17 8 15 8 15 15 8 15 8 17 15 17 15 24 17 24 17 17 24 17 24 15z"
                />
              </svg>
            </button>
          </section>
          <section
            class="section"
          >
            <h2>
              Security Issue Analysis
            </h2>
            <p>
              Create rules to guide the general health of your repositories with respect to security and other vulnerabilities.
            </p>
            <div
              class="rowsContainer"
            />
            <button
              class="bx--btn bx--btn--field bx--btn--ghost"
              style="margin-left: -0.625rem;"
              tabindex="0"
              type="button"
            >
              Add Rule
              <svg
                aria-hidden="true"
                aria-label="Add Rule"
                class="bx--btn__icon"
                fill="currentColor"
                focusable="false"
                height="16"
                preserveAspectRatio="xMidYMid meet"
                role="img"
                viewBox="0 0 32 32"
                width="16"
                xmlns="http://www.w3.org/2000/svg"
              >
                <path
                  d="M17 15L17 8 15 8 15 15 8 15 8 17 15 17 15 24 17 24 17 17 24 17 24 15z"
                />
              </svg>
            </button>
          </section>
          <section
            class="section"
          >
            <h2>
              CVE Safe List
            </h2>
            <p>
              The Common Vulnerabilities & Exposures (CVE) are validated against JFrog Xray Security Issues. Artifact and Version are validated through regular expression.
            </p>
            <div
              class="rowsContainer"
            />
            <button
              class="bx--btn bx--btn--field bx--btn--ghost"
              style="margin-left: -0.625rem;"
              tabindex="0"
              type="button"
            >
              Add Rule
              <svg
                aria-hidden="true"
                aria-label="Add Rule"
                class="bx--btn__icon"
                fill="currentColor"
                focusable="false"
                height="16"
                preserveAspectRatio="xMidYMid meet"
                role="img"
                viewBox="0 0 32 32"
                width="16"
                xmlns="http://www.w3.org/2000/svg"
              >
                <path
                  d="M17 15L17 8 15 8 15 15 8 15 8 17 15 17 15 24 17 24 17 17 24 17 24 15z"
                />
              </svg>
            </button>
          </section>
        </div>
        <div
          class="containerGraphics"
        >
          <svg
            class="graphic"
            data-name="Layer 1"
            id="prefix__Layer_1"
            viewBox="0 0 202.29 228.51"
          >
            <defs>
              <style>
                .prefix__cls-2{fill:#20d5d2}.prefix__cls-3{fill:none;stroke:#323c3c;stroke-linecap:round;stroke-miterlimit:10;stroke-width:5px}
              </style>
            </defs>
            <title>
              Artboard 54
            </title>
            <path
              d="M179.68 167.15a5.32 5.32 0 014 8.8l-24.07 27.79a5.34 5.34 0 01-4 1.83H22.31a5.32 5.32 0 01-3.41-9.41l33.1-27.5a5.28 5.28 0 013.4-1.23l65.52-.15c1.32 5.69 7.52 16.94 7.52 16.94s7-11.47 8.4-17z"
              fill="#f2f4f8"
            />
            <path
              class="prefix__cls-2"
              d="M98.2 44.67a27.15 27.15 0 114.12 24.71 27.15 27.15 0 01-4.12-24.71zm39.16 12.74a14 14 0 10-17.69 9 14.05 14.05 0 0017.69-9zM130.88 110.1l-.46 13.28-52.97-17.24 7.46-11 45.97 14.96zM129.25 157.41a8.21 8.21 0 017.8 8.37 7.5 7.5 0 01-.23 1.46H120.9a7.9 7.9 0 01-.24-1.88 8.17 8.17 0 018.38-8zM128.42 184.22s-6.2-11.25-7.52-16.94h15.92c-1.37 5.47-8.4 16.94-8.4 16.94zM46.91 135.77a8.21 8.21 0 0111.4-2.07l.33.25a8.19 8.19 0 011.74 11.17C57.8 148.83 43 155.75 43 155.75s1.32-16.26 3.91-19.98z"
            />
            <path
              class="prefix__cls-3"
              d="M120.9 167.28l-65.52.15a5.28 5.28 0 00-3.4 1.23l-33.08 27.5a5.32 5.32 0 003.41 9.41h133.31a5.34 5.34 0 004-1.83L183.71 176a5.32 5.32 0 00-4-8.8l-42.86.09M132.41 27.25A27.15 27.15 0 1198.2 44.67a27.15 27.15 0 0134.21-17.42zM137.03 13.07l-4.62 14.18"
            />
            <path
              class="prefix__cls-3"
              d="M102.32 69.38L84.91 95.14l-7.46 11-18.81 27.81M131.95 79.02l-1.07 31.08-.46 13.28-1.17 34.03M84.91 95.13l45.96 14.97M77.45 106.14l52.97 17.24M137.36 57.41a14 14 0 11-9-17.69 14.05 14.05 0 019 17.69zM46.91 135.77a8.21 8.21 0 0111.4-2.07l.33.25a8.19 8.19 0 011.74 11.17C57.8 148.83 43 155.75 43 155.75s1.32-16.26 3.91-19.98z"
            />
            <path
              class="prefix__cls-3"
              d="M129.25 157.41H129a8.17 8.17 0 00-8.38 8 7.9 7.9 0 00.24 1.88c1.32 5.69 7.52 16.94 7.52 16.94s7-11.47 8.4-17a7.5 7.5 0 00.23-1.46 8.21 8.21 0 00-7.76-8.36z"
            />
          </svg>
        </div>
      </div>
    </div>
  </div>
</body>
`;
