// Jest Snapshot v1, https://goo.gl/fbAQLP

exports[`Info --- Snapshot Capturing Snapshot of Info 1`] = `
<body
  id="app"
>
  <div>
    <div
      class="bx--tile"
      data-testid="tile-info"
      style="display: flex; width: 100%; height: 10rem; align-items: center; padding: 0px; margin-bottom: 1rem; margin-left: 1rem;"
    >
      <div
        class="counter"
        style="color: rgb(255, 170, 157);"
      >
        0
      </div>
      <div
        class="divider"
      />
      <div
        class="text"
      >
        <h3
          class="title"
        >
          Test title
        </h3>
        <p
          class="content"
        >
          Test content text
        </p>
      </div>
    </div>
  </div>
</body>
`;
